error: could not find snapshot function </SnapshotTester.snapshot2>.
