error: could not find theme variant enum class </ThemeVariant2>.
