error: theme variant enum </ThemeVariant2> is not a parameter of snapshot function </SnapshotTester2.snapshot>.
